hello_world__0.snap:
  { cool: true }
hello_world__thirdTest.snap:
  { customName: 1 }
