[ "# header a", "## header aa", "### header aaa" ]
